Loading document from "D:\\Development\\Project\\PRACTICAL COSMISM\\practical-cosmism\\trenchbroom\\maps\\bunker_zone.map"
Adding file system path "D:\\Рабочий стул\\trenchbroom\\defaults\\assets"
Adding file system path "D:\\Development\\Project\\PRACTICAL COSMISM\\practical-cosmism\\"
Found 0 shaders
Loaded entity definition file FuncGodot.fgd
Found 0 shaders
Renderer info: NVIDIA GeForce GTX 1660 SUPER/PCIe/SSE2 version 4.6.0 NVIDIA 581.57 from NVIDIA Corporation
Depth buffer bits: 24
Multisampling enabled
Saving document to "D:\\Development\\Project\\PRACTICAL COSMISM\\practical-cosmism\\trenchbroom\\maps\\bunker_zone.map"
Saved "D:\\Development\\Project\\PRACTICAL COSMISM\\practical-cosmism\\trenchbroom\\maps\\bunker_zone.map" in 65ms
Saving document to "D:\\Development\\Project\\PRACTICAL COSMISM\\practical-cosmism\\trenchbroom\\maps\\bunker_zone.map"
Saved "D:\\Development\\Project\\PRACTICAL COSMISM\\practical-cosmism\\trenchbroom\\maps\\bunker_zone.map" in 7ms
Saving document to "D:\\Development\\Project\\PRACTICAL COSMISM\\practical-cosmism\\trenchbroom\\maps\\autosave\\bunker_zone.8.map"
Created autosave backup at "D:\\Development\\Project\\PRACTICAL COSMISM\\practical-cosmism\\trenchbroom\\maps\\autosave\\bunker_zone.8.map"
Saving document to "D:\\Development\\Project\\PRACTICAL COSMISM\\practical-cosmism\\trenchbroom\\maps\\bunker_zone.map"
Saved "D:\\Development\\Project\\PRACTICAL COSMISM\\practical-cosmism\\trenchbroom\\maps\\bunker_zone.map" in 6ms
Parsed successfully as Valve entities (unknown location)
Saving document to "D:\\Development\\Project\\PRACTICAL COSMISM\\practical-cosmism\\trenchbroom\\maps\\bunker_zone.map"
Saved "D:\\Development\\Project\\PRACTICAL COSMISM\\practical-cosmism\\trenchbroom\\maps\\bunker_zone.map" in 7ms
Saving document to "D:\\Development\\Project\\PRACTICAL COSMISM\\practical-cosmism\\trenchbroom\\maps\\bunker_zone.map"
Saved "D:\\Development\\Project\\PRACTICAL COSMISM\\practical-cosmism\\trenchbroom\\maps\\bunker_zone.map" in 6ms
Saving document to "D:\\Development\\Project\\PRACTICAL COSMISM\\practical-cosmism\\trenchbroom\\maps\\bunker_zone.map"
Saved "D:\\Development\\Project\\PRACTICAL COSMISM\\practical-cosmism\\trenchbroom\\maps\\bunker_zone.map" in 7ms
Parsed successfully as Valve entities (unknown location)
Saving document to "D:\\Development\\Project\\PRACTICAL COSMISM\\practical-cosmism\\trenchbroom\\maps\\autosave\\bunker_zone.9.map"
Created autosave backup at "D:\\Development\\Project\\PRACTICAL COSMISM\\practical-cosmism\\trenchbroom\\maps\\autosave\\bunker_zone.9.map"
Could not resize brush: Brush is empty
Saving document to "D:\\Development\\Project\\PRACTICAL COSMISM\\practical-cosmism\\trenchbroom\\maps\\bunker_zone.map"
Saved "D:\\Development\\Project\\PRACTICAL COSMISM\\practical-cosmism\\trenchbroom\\maps\\bunker_zone.map" in 8ms
Parsed successfully as Valve entities (unknown location)
Parsed successfully as Valve entities (unknown location)
Saving document to "D:\\Development\\Project\\PRACTICAL COSMISM\\practical-cosmism\\trenchbroom\\maps\\autosave\\bunker_zone.10.map"
Created autosave backup at "D:\\Development\\Project\\PRACTICAL COSMISM\\practical-cosmism\\trenchbroom\\maps\\autosave\\bunker_zone.10.map"
Reloading material collections
Found 0 shaders
Could not resize brush: Brush has invalid face
Saving document to "D:\\Development\\Project\\PRACTICAL COSMISM\\practical-cosmism\\trenchbroom\\maps\\autosave\\bunker_zone.11.map"
Created autosave backup at "D:\\Development\\Project\\PRACTICAL COSMISM\\practical-cosmism\\trenchbroom\\maps\\autosave\\bunker_zone.11.map"
Reloading material collections
Found 0 shaders
Reloading material collections
Found 0 shaders
Reloading material collections
Found 0 shaders
Saving document to "D:\\Development\\Project\\PRACTICAL COSMISM\\practical-cosmism\\trenchbroom\\maps\\autosave\\bunker_zone.4.map"
Created autosave backup at "D:\\Development\\Project\\PRACTICAL COSMISM\\practical-cosmism\\trenchbroom\\maps\\autosave\\bunker_zone.4.map"
Could not resize brush: Brush is empty
Could not resize brush: Brush is empty
Could not resize brush: Brush is empty
Could not resize brush: Brush is empty
Could not resize brush: Brush is empty
Could not resize brush: Brush is empty
Could not resize brush: Brush is empty
Could not resize brush: Brush is empty
Could not resize brush: Brush is empty
Reloading material collections
Found 0 shaders
Parsed successfully as Valve entities (unknown location)
Saving document to "D:\\Development\\Project\\PRACTICAL COSMISM\\practical-cosmism\\trenchbroom\\maps\\bunker_zone.map"
Saved "D:\\Development\\Project\\PRACTICAL COSMISM\\practical-cosmism\\trenchbroom\\maps\\bunker_zone.map" in 7ms
Saving document to "D:\\Development\\Project\\PRACTICAL COSMISM\\practical-cosmism\\trenchbroom\\maps\\bunker_zone.map"
Saved "D:\\Development\\Project\\PRACTICAL COSMISM\\practical-cosmism\\trenchbroom\\maps\\bunker_zone.map" in 8ms
Saving document to "D:\\Development\\Project\\PRACTICAL COSMISM\\practical-cosmism\\trenchbroom\\maps\\bunker_zone.map"
Saved "D:\\Development\\Project\\PRACTICAL COSMISM\\practical-cosmism\\trenchbroom\\maps\\bunker_zone.map" in 7ms
Saving document to "D:\\Development\\Project\\PRACTICAL COSMISM\\practical-cosmism\\trenchbroom\\maps\\autosave\\bunker_zone.5.map"
Created autosave backup at "D:\\Development\\Project\\PRACTICAL COSMISM\\practical-cosmism\\trenchbroom\\maps\\autosave\\bunker_zone.5.map"
Saving document to "D:\\Development\\Project\\PRACTICAL COSMISM\\practical-cosmism\\trenchbroom\\maps\\bunker_zone.map"
Saved "D:\\Development\\Project\\PRACTICAL COSMISM\\practical-cosmism\\trenchbroom\\maps\\bunker_zone.map" in 6ms
Saving document to "D:\\Development\\Project\\PRACTICAL COSMISM\\practical-cosmism\\trenchbroom\\maps\\bunker_zone.map"
Saved "D:\\Development\\Project\\PRACTICAL COSMISM\\practical-cosmism\\trenchbroom\\maps\\bunker_zone.map" in 7ms
Saving document to "D:\\Development\\Project\\PRACTICAL COSMISM\\practical-cosmism\\trenchbroom\\maps\\bunker_zone.map"
Saved "D:\\Development\\Project\\PRACTICAL COSMISM\\practical-cosmism\\trenchbroom\\maps\\bunker_zone.map" in 7ms
Parsed successfully as Valve entities (unknown location)
Saving document to "D:\\Development\\Project\\PRACTICAL COSMISM\\practical-cosmism\\trenchbroom\\maps\\bunker_zone.map"
Saved "D:\\Development\\Project\\PRACTICAL COSMISM\\practical-cosmism\\trenchbroom\\maps\\bunker_zone.map" in 7ms
Saving document to "D:\\Development\\Project\\PRACTICAL COSMISM\\practical-cosmism\\trenchbroom\\maps\\bunker_zone.map"
Saved "D:\\Development\\Project\\PRACTICAL COSMISM\\practical-cosmism\\trenchbroom\\maps\\bunker_zone.map" in 7ms
Saving document to "D:\\Development\\Project\\PRACTICAL COSMISM\\practical-cosmism\\trenchbroom\\maps\\autosave\\bunker_zone.6.map"
Created autosave backup at "D:\\Development\\Project\\PRACTICAL COSMISM\\practical-cosmism\\trenchbroom\\maps\\autosave\\bunker_zone.6.map"
Reloading material collections
Found 0 shaders
Reloading material collections
Found 0 shaders
Reloading material collections
Found 0 shaders
Reloading material collections
Found 0 shaders
Saving document to "D:\\Development\\Project\\PRACTICAL COSMISM\\practical-cosmism\\trenchbroom\\maps\\bunker_zone.map"
Saved "D:\\Development\\Project\\PRACTICAL COSMISM\\practical-cosmism\\trenchbroom\\maps\\bunker_zone.map" in 6ms
Saving document to "D:\\Development\\Project\\PRACTICAL COSMISM\\practical-cosmism\\trenchbroom\\maps\\bunker_zone.map"
Saved "D:\\Development\\Project\\PRACTICAL COSMISM\\practical-cosmism\\trenchbroom\\maps\\bunker_zone.map" in 8ms
Saving document to "D:\\Development\\Project\\PRACTICAL COSMISM\\practical-cosmism\\trenchbroom\\maps\\bunker_zone.map"
Saved "D:\\Development\\Project\\PRACTICAL COSMISM\\practical-cosmism\\trenchbroom\\maps\\bunker_zone.map" in 6ms
Saving document to "D:\\Development\\Project\\PRACTICAL COSMISM\\practical-cosmism\\trenchbroom\\maps\\autosave\\bunker_zone.7.map"
Created autosave backup at "D:\\Development\\Project\\PRACTICAL COSMISM\\practical-cosmism\\trenchbroom\\maps\\autosave\\bunker_zone.7.map"
Saving document to "D:\\Development\\Project\\PRACTICAL COSMISM\\practical-cosmism\\trenchbroom\\maps\\bunker_zone.map"
Saved "D:\\Development\\Project\\PRACTICAL COSMISM\\practical-cosmism\\trenchbroom\\maps\\bunker_zone.map" in 7ms
Saving document to "D:\\Development\\Project\\PRACTICAL COSMISM\\practical-cosmism\\trenchbroom\\maps\\bunker_zone.map"
Saved "D:\\Development\\Project\\PRACTICAL COSMISM\\practical-cosmism\\trenchbroom\\maps\\bunker_zone.map" in 59ms
Saving document to "D:\\Development\\Project\\PRACTICAL COSMISM\\practical-cosmism\\trenchbroom\\maps\\bunker_zone.map"
Saved "D:\\Development\\Project\\PRACTICAL COSMISM\\practical-cosmism\\trenchbroom\\maps\\bunker_zone.map" in 12ms
Reloading material collections
Found 0 shaders
Reloading material collections
Found 0 shaders
Saving document to "D:\\Development\\Project\\PRACTICAL COSMISM\\practical-cosmism\\trenchbroom\\maps\\bunker_zone.map"
Saved "D:\\Development\\Project\\PRACTICAL COSMISM\\practical-cosmism\\trenchbroom\\maps\\bunker_zone.map" in 13ms
Reloading material collections
Found 0 shaders
Reloading material collections
Found 0 shaders
Reloading material collections
Found 0 shaders
Saving document to "D:\\Development\\Project\\PRACTICAL COSMISM\\practical-cosmism\\trenchbroom\\maps\\autosave\\bunker_zone.8.map"
Created autosave backup at "D:\\Development\\Project\\PRACTICAL COSMISM\\practical-cosmism\\trenchbroom\\maps\\autosave\\bunker_zone.8.map"
Saving document to "D:\\Development\\Project\\PRACTICAL COSMISM\\practical-cosmism\\trenchbroom\\maps\\bunker_zone.map"
Saved "D:\\Development\\Project\\PRACTICAL COSMISM\\practical-cosmism\\trenchbroom\\maps\\bunker_zone.map" in 13ms
